   Compiling cntryl-midge v0.1.0 (D:\repos\cntryl\midge)
error[E0308]: mismatched types
   --> src\core\compaction\executor.rs:650:28
    |
650 |         cloud_coordinator: &cfg.cloud_coordinator,
    |                            ^^^^^^^^^^^^^^^^^^^^^^ expected `Option<Arc<CloudCoordinator>>`, found `&Arc<RwLock<RawRwLock, Option<...>>>`
    |
    = note:   expected enum `std::option::Option<Arc<CloudCoordinator>>`
            found reference `&Arc<parking_lot::lock_api::RwLock<parking_lot::RawRwLock, std::option::Option<Arc<CloudCoordinator>>>>`

error[E0308]: mismatched types
   --> src\core\compaction\executor.rs:651:18
    |
651 |         runtime: &cfg.runtime,
    |                  ^^^^^^^^^^^^ expected `Option<Arc<EngineRuntime>>`, found `&Arc<RwLock<RawRwLock, Option<...>>>`
    |
    = note:   expected enum `std::option::Option<Arc<EngineRuntime>>`
            found reference `&Arc<parking_lot::lock_api::RwLock<parking_lot::RawRwLock, std::option::Option<Arc<EngineRuntime>>>>`

For more information about this error, try `rustc --explain E0308`.
error: could not compile `cntryl-midge` (lib) due to 2 previous errors
